// Jest Snapshot v1, https://goo.gl/fbAQLP

exports[`index executes as expected 1`] = `200`;
